
> portofolio@0.0.0 build
> vite build

[36mvite v7.3.0 [32mbuilding client environment for production...[36m[39m
transforming...
[32mΓ£ô[39m 3 modules transformed.
node.exe : 
[31mΓ£ù[39m Build 
failed in 19.11s
At line:1 char:1
+ & "D:\Program Files\
nodejs/node.exe" 
"D:\Program 
Files\nodejs/node_mo 
...
+ ~~~~~~~~~~~~~~~~~~~~
~~~~~~~~~~~~~~~~~~~~~~
~~~~~~~~~~~~~~~~~~~~~~
~~~~~
    + CategoryInfo    
          : NotSpeci  
  fied: ([31mΓ£ù[   
 39m Build failed     
in 19.11s:String)     
[], RemoteExcept    
ion
    + FullyQualifiedE 
   rrorId : NativeCo  
  mmandError
 
[31merror during 
build:
[31m[vite:css] 
[postcss] It looks 
like you're trying to 
use `tailwindcss` 
directly as a PostCSS 
plugin. The PostCSS 
plugin has moved to a 
separate package, so 
to continue using 
Tailwind CSS with 
PostCSS you'll need 
to install `@tailwindc
ss/postcss` and 
update your PostCSS 
configuration.[31m
file: [36mD:/portofol
io/src/index.css:undef
ined:NaN[31m
    at lt (D:\portofol
io\node_modules\tailwi
ndcss\dist\lib.js:38:1
643)
    at 
LazyResult.runOnRoot (
D:\portofolio\node_mod
ules\postcss\lib\lazy-
result.js:361:16)
    at 
LazyResult.runAsync (D
:\portofolio\node_modu
les\postcss\lib\lazy-r
esult.js:290:26)
    at 
LazyResult.async (D:\p
ortofolio\node_modules
\postcss\lib\lazy-resu
lt.js:192:30)
    at 
LazyResult.then (D:\po
rtofolio\node_modules\
postcss\lib\lazy-resul
t.js:436:17)[39m
